1.394: [GC 32768K->4016K(125632K), 0.0062870 secs]
2.316: [GC 36784K->5448K(125632K), 0.0089380 secs]
3.786: [GC 38216K->8221K(125632K), 0.0103200 secs]
4.360: [GC 40989K->9138K(125632K), 0.0093990 secs]
5.069: [GC 41906K->10095K(124864K), 0.0074090 secs]
5.930: [GC 42095K->11387K(126208K), 0.0068910 secs]
6.699: [GC 42619K->12079K(122432K), 0.0093170 secs]
7.107: [GC 42607K->12688K(126016K), 0.0061740 secs]
7.380: [GC 42896K->13760K(126336K), 0.0032560 secs]
7.691: [GC 43968K->15330K(144704K), 0.0035670 secs]
9.136: [GC 63650K->18539K(137728K), 0.0069910 secs]
10.565: [GC 65451K->21425K(140160K), 0.0061390 secs]
11.951: [GC 66993K->23229K(133824K), 0.0079430 secs]
13.114: [GC 67517K->54613K(130048K), 0.0291460 secs]
13.802: [GC 88533K->79541K(140416K), 0.0280350 secs]
14.202: [GC 113461K->94381K(168448K), 0.0310410 secs]
14.233: [Full GC 94381K->85452K(235776K), 0.5819470 secs]
15.320: [GC 138892K->108795K(236608K), 0.0259450 secs]
15.764: [GC 162235K->127391K(239744K), 0.0387350 secs]
18.128: [GC 181087K->145334K(248960K), 0.0865740 secs]
19.670: [GC 199030K->165181K(258880K), 0.0576890 secs]
19.728: [Full GC 165181K->141516K(360256K), 0.8803590 secs]
21.085: [GC 206220K->190388K(361408K), 0.0213490 secs]
22.041: [GC 255092K->176494K(371776K), 0.0258950 secs]
23.969: [GC 247854K->203787K(374848K), 0.0340370 secs]
25.509: [GC 275147K->225659K(383424K), 0.0580120 secs]
27.227: [GC 303995K->250351K(386240K), 0.0391120 secs]
28.887: [GC 328687K->278847K(382464K), 0.0694280 secs]
28.956: [Full GC 278847K->268965K(545408K), 1.4522580 secs]
31.216: [GC 324671K->287509K(560704K), 0.0560100 secs]
33.150: [GC 356053K->313757K(554944K), 0.0442990 secs]
34.729: [GC 380445K->333317K(561152K), 0.0526480 secs]
36.480: [GC 399213K->363591K(568384K), 0.0743590 secs]
38.076: [GC 425415K->375693K(577408K), 0.0879410 secs]
39.609: [GC 437517K->400129K(585216K), 0.1134800 secs]
41.371: [GC 458241K->414553K(593664K), 0.1087370 secs]
42.674: [GC 472665K->431257K(598208K), 0.0891010 secs]
42.763: [Full GC 431257K->415600K(826688K), 2.3412950 secs]
46.602: [GC 478256K->434256K(826688K), 0.0185480 secs]
48.170: [GC 496912K->453624K(830208K), 0.0434850 secs]
49.620: [GC 520056K->481428K(830464K), 0.0576240 secs]
51.370: [GC 547860K->502836K(822016K), 0.0439410 secs]
52.932: [GC 572980K->527814K(828032K), 0.0642850 secs]
54.787: [GC 597958K->553248K(833728K), 0.0698410 secs]
56.754: [GC 625184K->576350K(835968K), 0.0927950 secs]
58.445: [GC 648286K->597438K(839808K), 0.1118540 secs]
60.934: [GC 673214K->625566K(839808K), 0.0784290 secs]
61.012: [Full GC 625566K->625258K(891328K), 2.6973550 secs]
65.109: [GC 701034K->647434K(893952K), 0.0266590 secs]
66.811: [GC 726666K->673505K(894784K), 0.0488700 secs]
66.860: [Full GC 673505K->673219K(894784K), 2.7660220 secs]
71.465: [Full GC 752451K->697255K(894784K), 2.8449540 secs]
76.496: [Full GC 776487K->713270K(894784K), 3.7792350 secs]
82.115: [Full GC 777968K->740828K(894784K), 3.1245330 secs]
86.278: [Full GC 777968K->751503K(894784K), 3.2394760 secs]
89.774: [Full GC 777968K->755816K(894784K), 3.3671850 secs]
93.383: [Full GC 777968K->742410K(894784K), 4.3365310 secs]
98.009: [Full GC 778303K->751018K(894784K), 3.3810790 secs]
101.669: [Full GC 778303K->754610K(894784K), 3.4097550 secs]
105.302: [Full GC 778303K->757650K(894784K), 3.2650790 secs]
108.790: [Full GC 778303K->736402K(894784K), 4.4425650 secs]
113.620: [Full GC 778303K->745866K(894784K), 3.6654890 secs]
117.610: [Full GC 778303K->750050K(894784K), 3.3416240 secs]
121.237: [Full GC 778303K->753766K(894784K), 3.5281550 secs]
125.015: [Full GC 778303K->729249K(894784K), 4.8274930 secs]
130.230: [Full GC 778303K->743302K(894784K), 3.4663100 secs]
133.972: [Full GC 778303K->747854K(894784K), 3.4382430 secs]
137.613: [Full GC 778303K->751859K(894784K), 3.4923020 secs]
141.316: [Full GC 778303K->723780K(894784K), 4.4904820 secs]
146.355: [Full GC 778304K->754011K(894784K), 3.7146200 secs]
150.162: [Full GC 778304K->774480K(894784K), 3.8785050 secs]
154.057: [Full GC 778304K->777496K(894784K), 3.7972700 secs]
157.861: [Full GC 778304K->741986K(894784K), 4.7412590 secs]
162.757: [Full GC 774718K->773362K(894784K), 3.9529630 secs]
166.737: [Full GC 778304K->777997K(894784K), 4.0569360 secs]
170.796: [Full GC 778304K->778085K(894784K), 3.5832540 secs]
174.387: [Full GC 778304K->766215K(894784K), 5.0703250 secs]
179.551: [Full GC 778304K->778304K(894784K), 4.1366920 secs]
183.688: [Full GC 778304K->765818K(894784K), 5.0233100 secs]
188.798: [Full GC 778303K->778303K(894784K), 3.6324570 secs]
192.430: [Full GC 778303K->772928K(894784K), 4.5945820 secs]
197.046: [Full GC 778303K->778303K(894784K), 3.6733040 secs]
200.722: [Full GC 778304K->778304K(894784K), 3.7180400 secs]
204.440: [Full GC 778304K->777448K(894784K), 4.6562850 secs]
209.104: [Full GC 778303K->777520K(894784K), 4.6471050 secs]
213.754: [Full GC 778303K->778303K(894784K), 3.7943600 secs]
217.548: [Full GC 778303K->777984K(894784K), 3.5982580 secs]
221.149: [Full GC 778303K->778303K(894784K), 3.6360980 secs]
224.786: [Full GC 778303K->777996K(894784K), 4.2053620 secs]
228.996: [Full GC 778303K->778303K(894784K), 3.6568830 secs]
232.653: [Full GC 778303K->778148K(894784K), 3.6010700 secs]
236.258: [Full GC 778303K->778303K(894784K), 3.7304030 secs]
239.988: [Full GC 778303K->778259K(894784K), 3.7892270 secs]
243.780: [Full GC 778303K->778303K(894784K), 3.8913120 secs]
247.671: [Full GC 778303K->778258K(894784K), 3.6149470 secs]
251.289: [Full GC 778303K->778303K(894784K), 3.6016750 secs]
254.890: [Full GC 778303K->778299K(894784K), 3.6119490 secs]
258.507: [Full GC 778303K->778303K(894784K), 3.7518520 secs]
262.259: [Full GC 778303K->778300K(894784K), 3.5401050 secs]
265.802: [Full GC 778303K->778303K(894784K), 3.5455690 secs]
269.348: [Full GC 778303K->778300K(894784K), 3.5769940 secs]
272.927: [Full GC 778303K->778303K(894784K), 3.6153530 secs]
276.542: [Full GC 778303K->778300K(894784K), 3.6245620 secs]
280.169: [Full GC 778303K->778303K(894784K), 3.5792410 secs]
283.751: [Full GC 778304K->778299K(894784K), 3.6217020 secs]
287.376: [Full GC 778304K->778304K(894784K), 3.5705030 secs]
290.947: [Full GC 778304K->778300K(894784K), 3.6074700 secs]
294.555: [Full GC 778304K->778304K(894784K), 3.7853390 secs]
298.340: [Full GC 778304K->778300K(894784K), 3.7398740 secs]
302.080: [Full GC 778304K->778304K(894784K), 4.0698210 secs]
306.150: [Full GC 778304K->778301K(894784K), 3.9539890 secs]
310.105: [Full GC 778304K->778304K(894784K), 3.9284140 secs]
314.034: [Full GC 778304K->778303K(894784K), 3.8176300 secs]
317.852: [Full GC 778304K->778304K(894784K), 3.8818710 secs]
321.734: [Full GC 778304K->778303K(894784K), 3.9391000 secs]
325.674: [Full GC 778304K->778304K(894784K), 3.9129020 secs]
329.587: [Full GC 778304K->778303K(894784K), 3.8748240 secs]
333.462: [Full GC 778304K->778304K(894784K), 3.9807840 secs]
337.443: [Full GC 778304K->778303K(894784K), 4.8678350 secs]
342.311: [Full GC 778303K->778303K(894784K), 3.9741800 secs]
346.286: [Full GC 778303K->778303K(894784K), 4.9474970 secs]
351.234: [Full GC 778303K->778303K(894784K), 3.8789180 secs]
355.113: [Full GC 778303K->778303K(894784K), 3.8822870 secs]
358.996: [Full GC 778303K->778303K(894784K), 3.8380140 secs]
362.834: [Full GC 778303K->778303K(894784K), 3.8835710 secs]
366.718: [Full GC 778303K->778303K(894784K), 3.7359310 secs]
370.455: [Full GC 778304K->778304K(894784K), 3.8472460 secs]
374.302: [Full GC 778304K->778303K(894784K), 3.8337060 secs]
378.136: [Full GC 778304K->778303K(894784K), 3.9238750 secs]
382.061: [Full GC 778304K->778304K(894784K), 3.8518580 secs]
385.913: [Full GC 778304K->778303K(894784K), 3.9518650 secs]
389.866: [Full GC 778304K->778304K(894784K), 3.9032550 secs]
393.769: [Full GC 778304K->778303K(894784K), 3.9000260 secs]
397.670: [Full GC 778303K->778303K(894784K), 4.0294500 secs]
401.699: [Full GC 778303K->778303K(894784K), 3.8625320 secs]
405.563: [Full GC 778303K->778303K(894784K), 3.9801440 secs]
409.543: [Full GC 778303K->778303K(894784K), 4.0300430 secs]
413.573: [Full GC 778304K->778304K(894784K), 3.9553420 secs]
417.529: [Full GC 778304K->778303K(894784K), 3.9697570 secs]
421.499: [Full GC 778304K->778304K(894784K), 3.8990470 secs]
425.398: [Full GC 778304K->778303K(894784K), 3.8991990 secs]
429.299: [Full GC 778303K->778303K(894784K), 3.8709670 secs]
433.170: [Full GC 778303K->778303K(894784K), 3.8800380 secs]
437.050: [Full GC 778303K->778303K(894784K), 3.9615530 secs]
441.012: [Full GC 778303K->778303K(894784K), 3.8854050 secs]
444.900: [Full GC 778303K->778303K(894784K), 3.8238070 secs]
448.724: [Full GC 778303K->778303K(894784K), 3.8227620 secs]
452.547: [Full GC 778304K->778304K(894784K), 3.8529780 secs]
456.400: [Full GC 778304K->778302K(894784K), 3.8933910 secs]
460.294: [Full GC 778304K->778304K(894784K), 4.2184090 secs]
464.512: [Full GC 778304K->778302K(894784K), 4.2960250 secs]
468.809: [Full GC 778304K->778304K(894784K), 3.9880740 secs]
472.797: [Full GC 778304K->777546K(894784K), 5.0651680 secs]
477.865: [Full GC 778304K->778304K(894784K), 4.1666810 secs]
482.032: [Full GC 778304K->777314K(894784K), 5.0119010 secs]
507.436: [Full GC 778303K->778303K(894784K), 3.9556850 secs]
512.488: [Full GC 778303K->777380K(894784K), 5.3219370 secs]
517.812: [Full GC 778304K->778304K(894784K), 4.2397080 secs]
522.052: [Full GC 778304K->777390K(894784K), 4.8718370 secs]
526.929: [Full GC 778303K->778303K(894784K), 4.0224860 secs]
530.954: [Full GC 778304K->777526K(894784K), 5.1143670 secs]
536.072: [Full GC 778304K->778304K(894784K), 4.1729920 secs]
540.245: [Full GC 778304K->777563K(894784K), 5.2163310 secs]
545.465: [Full GC 778303K->778303K(894784K), 4.1453150 secs]
549.610: [Full GC 778303K->777593K(894784K), 4.0268150 secs]
553.638: [Full GC 778303K->778303K(894784K), 4.1519090 secs]
557.790: [Full GC 778303K->777594K(894784K), 4.0979260 secs]
561.890: [Full GC
